[2026-07-19T04:18:20.263+0000] {local_task_job_runner.py:120} INFO - ::group::Pre task execution logs
[2026-07-19T04:18:20.415+0000] {taskinstance.py:2076} INFO - Dependencies all met for dep_context=non-requeueable deps ti=<TaskInstance: daily_sales_aggregation.check_low_stock scheduled__2026-05-10T00:00:00+00:00 [queued]>
[2026-07-19T04:18:20.465+0000] {taskinstance.py:2076} INFO - Dependencies all met for dep_context=requeueable deps ti=<TaskInstance: daily_sales_aggregation.check_low_stock scheduled__2026-05-10T00:00:00+00:00 [queued]>
[2026-07-19T04:18:20.469+0000] {taskinstance.py:2306} INFO - Starting attempt 1 of 4
[2026-07-19T04:18:20.870+0000] {taskinstance.py:2330} INFO - Executing <Task(PythonOperator): check_low_stock> on 2026-05-10 00:00:00+00:00
[2026-07-19T04:18:20.890+0000] {standard_task_runner.py:63} INFO - Started process 718 to run task
[2026-07-19T04:18:20.908+0000] {standard_task_runner.py:90} INFO - Running: ['airflow', 'tasks', 'run', 'daily_sales_aggregation', 'check_low_stock', 'scheduled__2026-05-10T00:00:00+00:00', '--job-id', '232', '--raw', '--subdir', 'DAGS_FOLDER/daily_sales_aggregation.py', '--cfg-path', '/tmp/tmpcedqgbh6']
[2026-07-19T04:18:20.934+0000] {standard_task_runner.py:91} INFO - Job 232: Subtask check_low_stock
[2026-07-19T04:18:21.247+0000] {task_command.py:426} INFO - Running <TaskInstance: daily_sales_aggregation.check_low_stock scheduled__2026-05-10T00:00:00+00:00 [running]> on host fe12dd86f5c6
[2026-07-19T04:18:21.690+0000] {taskinstance.py:2648} INFO - Exporting env vars: AIRFLOW_CTX_DAG_OWNER='inventory-platform' AIRFLOW_CTX_DAG_ID='daily_sales_aggregation' AIRFLOW_CTX_TASK_ID='check_low_stock' AIRFLOW_CTX_EXECUTION_DATE='2026-05-10T00:00:00+00:00' AIRFLOW_CTX_TRY_NUMBER='1' AIRFLOW_CTX_DAG_RUN_ID='scheduled__2026-05-10T00:00:00+00:00'
[2026-07-19T04:18:21.695+0000] {taskinstance.py:430} INFO - ::endgroup::
[2026-07-19T04:18:21.816+0000] {logging_mixin.py:188} INFO - LOW STOCK REPORT — 7 SKUs need attention:
[2026-07-19T04:18:21.820+0000] {logging_mixin.py:188} INFO -   [STOCKOUT] DESK-LAMP-WHT on shopify: 0 units (reorder: 10, order 40 units, lead: 10 days)
[2026-07-19T04:18:21.824+0000] {logging_mixin.py:188} INFO -   [STOCKOUT] EARBUDS-WHT on shopify: 0 units (reorder: 15, order 50 units, lead: 14 days)
[2026-07-19T04:18:21.827+0000] {logging_mixin.py:188} INFO -   [LOW] BACKPACK-BLK on shopify: 4 units (reorder: 10, order 60 units, lead: 10 days)
[2026-07-19T04:18:21.829+0000] {logging_mixin.py:188} INFO -   [LOW] BACKPACK-BLK on amazon: 8 units (reorder: 10, order 60 units, lead: 10 days)
[2026-07-19T04:18:21.832+0000] {logging_mixin.py:188} INFO -   [LOW] EARBUDS-BLK on shopify: 9 units (reorder: 15, order 50 units, lead: 14 days)
[2026-07-19T04:18:21.837+0000] {logging_mixin.py:188} INFO -   [LOW] YOGA-MAT-PUR on shopify: 14 units (reorder: 15, order 75 units, lead: 7 days)
[2026-07-19T04:18:21.840+0000] {logging_mixin.py:188} INFO -   [LOW] EARBUDS-WHT on amazon: 15 units (reorder: 15, order 50 units, lead: 14 days)
[2026-07-19T04:18:21.848+0000] {python.py:237} INFO - Done. Returned value was: None
[2026-07-19T04:18:21.853+0000] {taskinstance.py:441} INFO - ::group::Post task execution logs
[2026-07-19T04:18:21.899+0000] {taskinstance.py:1206} INFO - Marking task as SUCCESS. dag_id=daily_sales_aggregation, task_id=check_low_stock, run_id=scheduled__2026-05-10T00:00:00+00:00, execution_date=20260510T000000, start_date=20260719T041820, end_date=20260719T041821
[2026-07-19T04:18:21.997+0000] {local_task_job_runner.py:240} INFO - Task exited with return code 0
[2026-07-19T04:18:22.088+0000] {taskinstance.py:3498} INFO - 0 downstream tasks scheduled from follow-on schedule check
[2026-07-19T04:18:22.094+0000] {local_task_job_runner.py:222} INFO - ::endgroup::
