[2026-07-19T03:59:45.772+0000] {manager.py:470} INFO - Processing files using up to 2 processes at a time 
[2026-07-19T03:59:45.775+0000] {manager.py:471} INFO - Process each file at most once every 30 seconds
[2026-07-19T03:59:45.777+0000] {manager.py:472} INFO - Checking for new files in /opt/airflow/dags every 300 seconds
[2026-07-19T03:59:45.779+0000] {manager.py:737} INFO - Searching for files in /opt/airflow/dags
[2026-07-19T03:59:45.784+0000] {manager.py:740} INFO - There are 0 files in /opt/airflow/dags
[2026-07-19T04:04:46.578+0000] {manager.py:737} INFO - Searching for files in /opt/airflow/dags
[2026-07-19T04:04:46.590+0000] {manager.py:740} INFO - There are 0 files in /opt/airflow/dags
[2026-07-19T04:09:47.419+0000] {manager.py:737} INFO - Searching for files in /opt/airflow/dags
[2026-07-19T04:09:47.431+0000] {manager.py:740} INFO - There are 0 files in /opt/airflow/dags
[2026-07-19T04:14:48.220+0000] {manager.py:737} INFO - Searching for files in /opt/airflow/dags
[2026-07-19T04:14:48.237+0000] {manager.py:740} INFO - There are 1 files in /opt/airflow/dags
[2026-07-19T04:14:51.311+0000] {manager.py:878} INFO - 
================================================================================
DAG File Processing Stats

File Path                                     PID    Runtime      # DAGs    # Errors  Last Runtime    Last Run
--------------------------------------------  -----  ---------  --------  ----------  --------------  -------------------
/opt/airflow/dags/daily_sales_aggregation.py                           1           0  0.26s           2026-07-19T04:14:48
================================================================================
[2026-07-19T04:15:21.600+0000] {manager.py:878} INFO - 
================================================================================
DAG File Processing Stats

File Path                                     PID    Runtime      # DAGs    # Errors  Last Runtime    Last Run
--------------------------------------------  -----  ---------  --------  ----------  --------------  -------------------
/opt/airflow/dags/daily_sales_aggregation.py                           1           0  0.16s           2026-07-19T04:15:18
================================================================================
[2026-07-19T04:15:52.005+0000] {manager.py:878} INFO - 
================================================================================
DAG File Processing Stats

File Path                                     PID    Runtime      # DAGs    # Errors  Last Runtime    Last Run
--------------------------------------------  -----  ---------  --------  ----------  --------------  -------------------
/opt/airflow/dags/daily_sales_aggregation.py                           1           0  0.16s           2026-07-19T04:15:49
================================================================================
[2026-07-19T04:16:22.290+0000] {manager.py:878} INFO - 
================================================================================
DAG File Processing Stats

File Path                                     PID    Runtime      # DAGs    # Errors  Last Runtime    Last Run
--------------------------------------------  -----  ---------  --------  ----------  --------------  -------------------
/opt/airflow/dags/daily_sales_aggregation.py                           1           0  0.13s           2026-07-19T04:16:19
================================================================================
[2026-07-19T04:16:52.648+0000] {manager.py:878} INFO - 
================================================================================
DAG File Processing Stats

File Path                                     PID    Runtime      # DAGs    # Errors  Last Runtime    Last Run
--------------------------------------------  -----  ---------  --------  ----------  --------------  -------------------
/opt/airflow/dags/daily_sales_aggregation.py                           1           0  0.13s           2026-07-19T04:16:49
================================================================================
[2026-07-19T04:17:22.958+0000] {manager.py:878} INFO - 
================================================================================
DAG File Processing Stats

File Path                                     PID    Runtime      # DAGs    # Errors  Last Runtime    Last Run
--------------------------------------------  -----  ---------  --------  ----------  --------------  -------------------
/opt/airflow/dags/daily_sales_aggregation.py                           1           0  0.23s           2026-07-19T04:17:20
================================================================================
[2026-07-19T04:17:53.443+0000] {manager.py:878} INFO - 
================================================================================
DAG File Processing Stats

File Path                                     PID    Runtime      # DAGs    # Errors  Last Runtime    Last Run
--------------------------------------------  -----  ---------  --------  ----------  --------------  -------------------
/opt/airflow/dags/daily_sales_aggregation.py                           1           0  0.28s           2026-07-19T04:17:50
================================================================================
[2026-07-19T04:18:23.540+0000] {manager.py:878} INFO - 
================================================================================
DAG File Processing Stats

File Path                                     PID    Runtime      # DAGs    # Errors  Last Runtime    Last Run
--------------------------------------------  -----  ---------  --------  ----------  --------------  -------------------
/opt/airflow/dags/daily_sales_aggregation.py                           1           0  0.71s           2026-07-19T04:18:21
================================================================================
[2026-07-19T04:18:54.252+0000] {manager.py:878} INFO - 
================================================================================
DAG File Processing Stats

File Path                                     PID    Runtime      # DAGs    # Errors  Last Runtime    Last Run
--------------------------------------------  -----  ---------  --------  ----------  --------------  -------------------
/opt/airflow/dags/daily_sales_aggregation.py                           1           0  0.60s           2026-07-19T04:18:52
================================================================================
[2026-07-19T04:19:24.617+0000] {manager.py:878} INFO - 
================================================================================
DAG File Processing Stats

File Path                                     PID    Runtime      # DAGs    # Errors  Last Runtime    Last Run
--------------------------------------------  -----  ---------  --------  ----------  --------------  -------------------
/opt/airflow/dags/daily_sales_aggregation.py                           1           0  0.17s           2026-07-19T04:19:22
================================================================================
[2026-07-19T04:19:48.843+0000] {manager.py:737} INFO - Searching for files in /opt/airflow/dags
[2026-07-19T04:19:48.877+0000] {manager.py:740} INFO - There are 1 files in /opt/airflow/dags
[2026-07-19T04:19:55.047+0000] {manager.py:878} INFO - 
================================================================================
DAG File Processing Stats

File Path                                     PID    Runtime      # DAGs    # Errors  Last Runtime    Last Run
--------------------------------------------  -----  ---------  --------  ----------  --------------  -------------------
/opt/airflow/dags/daily_sales_aggregation.py                           1           0  0.15s           2026-07-19T04:19:53
================================================================================
[2026-07-19T04:20:25.392+0000] {manager.py:878} INFO - 
================================================================================
DAG File Processing Stats

File Path                                     PID    Runtime      # DAGs    # Errors  Last Runtime    Last Run
--------------------------------------------  -----  ---------  --------  ----------  --------------  -------------------
/opt/airflow/dags/daily_sales_aggregation.py                           1           0  0.16s           2026-07-19T04:20:23
================================================================================
[2026-07-19T04:20:55.750+0000] {manager.py:878} INFO - 
================================================================================
DAG File Processing Stats

File Path                                     PID    Runtime      # DAGs    # Errors  Last Runtime    Last Run
--------------------------------------------  -----  ---------  --------  ----------  --------------  -------------------
/opt/airflow/dags/daily_sales_aggregation.py                           1           0  0.15s           2026-07-19T04:20:53
================================================================================
[2026-07-19T04:21:26.106+0000] {manager.py:878} INFO - 
================================================================================
DAG File Processing Stats

File Path                                     PID    Runtime      # DAGs    # Errors  Last Runtime    Last Run
--------------------------------------------  -----  ---------  --------  ----------  --------------  -------------------
/opt/airflow/dags/daily_sales_aggregation.py                           1           0  0.17s           2026-07-19T04:21:24
================================================================================
[2026-07-19T04:21:56.495+0000] {manager.py:878} INFO - 
================================================================================
DAG File Processing Stats

File Path                                     PID    Runtime      # DAGs    # Errors  Last Runtime    Last Run
--------------------------------------------  -----  ---------  --------  ----------  --------------  -------------------
/opt/airflow/dags/daily_sales_aggregation.py                           1           0  0.14s           2026-07-19T04:21:54
================================================================================
[2026-07-19T04:22:26.811+0000] {manager.py:878} INFO - 
================================================================================
DAG File Processing Stats

File Path                                     PID    Runtime      # DAGs    # Errors  Last Runtime    Last Run
--------------------------------------------  -----  ---------  --------  ----------  --------------  -------------------
/opt/airflow/dags/daily_sales_aggregation.py                           1           0  0.14s           2026-07-19T04:22:24
================================================================================
