[2026-07-19T04:17:39.473+0000] {local_task_job_runner.py:120} INFO - ::group::Pre task execution logs
[2026-07-19T04:17:39.520+0000] {taskinstance.py:2076} INFO - Dependencies all met for dep_context=non-requeueable deps ti=<TaskInstance: daily_sales_aggregation.aggregate_daily_sales scheduled__2026-03-10T00:00:00+00:00 [queued]>
[2026-07-19T04:17:39.538+0000] {taskinstance.py:2076} INFO - Dependencies all met for dep_context=requeueable deps ti=<TaskInstance: daily_sales_aggregation.aggregate_daily_sales scheduled__2026-03-10T00:00:00+00:00 [queued]>
[2026-07-19T04:17:39.540+0000] {taskinstance.py:2306} INFO - Starting attempt 1 of 4
[2026-07-19T04:17:39.654+0000] {taskinstance.py:2330} INFO - Executing <Task(PythonOperator): aggregate_daily_sales> on 2026-03-10 00:00:00+00:00
[2026-07-19T04:17:39.662+0000] {standard_task_runner.py:63} INFO - Started process 437 to run task
[2026-07-19T04:17:39.667+0000] {standard_task_runner.py:90} INFO - Running: ['airflow', 'tasks', 'run', 'daily_sales_aggregation', 'aggregate_daily_sales', 'scheduled__2026-03-10T00:00:00+00:00', '--job-id', '97', '--raw', '--subdir', 'DAGS_FOLDER/daily_sales_aggregation.py', '--cfg-path', '/tmp/tmpcdaowoc3']
[2026-07-19T04:17:39.673+0000] {standard_task_runner.py:91} INFO - Job 97: Subtask aggregate_daily_sales
[2026-07-19T04:17:39.810+0000] {task_command.py:426} INFO - Running <TaskInstance: daily_sales_aggregation.aggregate_daily_sales scheduled__2026-03-10T00:00:00+00:00 [running]> on host fe12dd86f5c6
[2026-07-19T04:17:40.010+0000] {taskinstance.py:2648} INFO - Exporting env vars: AIRFLOW_CTX_DAG_OWNER='inventory-platform' AIRFLOW_CTX_DAG_ID='daily_sales_aggregation' AIRFLOW_CTX_TASK_ID='aggregate_daily_sales' AIRFLOW_CTX_EXECUTION_DATE='2026-03-10T00:00:00+00:00' AIRFLOW_CTX_TRY_NUMBER='1' AIRFLOW_CTX_DAG_RUN_ID='scheduled__2026-03-10T00:00:00+00:00'
[2026-07-19T04:17:40.014+0000] {taskinstance.py:430} INFO - ::endgroup::
[2026-07-19T04:17:40.054+0000] {logging_mixin.py:188} WARNING - /home/airflow/.local/lib/python3.10/site-packages/airflow/utils/context.py:320 AirflowContextDeprecationWarning: Accessing 'execution_date' from the template is deprecated and will be removed in a future version. Please use 'data_interval_start' or 'logical_date' instead.
[2026-07-19T04:17:40.057+0000] {logging_mixin.py:188} INFO - Aggregating sales for: 2026-03-10
[2026-07-19T04:17:40.080+0000] {logging_mixin.py:188} INFO -   Found 6 product-channel combinations for 2026-03-10
[2026-07-19T04:17:40.088+0000] {logging_mixin.py:188} INFO -   Upserted 6 rows into analytics.fact_daily_sales
[2026-07-19T04:17:40.092+0000] {python.py:237} INFO - Done. Returned value was: None
[2026-07-19T04:17:40.097+0000] {taskinstance.py:441} INFO - ::group::Post task execution logs
[2026-07-19T04:17:40.117+0000] {taskinstance.py:1206} INFO - Marking task as SUCCESS. dag_id=daily_sales_aggregation, task_id=aggregate_daily_sales, run_id=scheduled__2026-03-10T00:00:00+00:00, execution_date=20260310T000000, start_date=20260719T041739, end_date=20260719T041740
[2026-07-19T04:17:40.168+0000] {local_task_job_runner.py:240} INFO - Task exited with return code 0
[2026-07-19T04:17:40.197+0000] {local_task_job_runner.py:222} INFO - ::endgroup::
