[2026-07-19T04:18:28.514+0000] {local_task_job_runner.py:120} INFO - ::group::Pre task execution logs
[2026-07-19T04:18:28.615+0000] {taskinstance.py:2076} INFO - Dependencies all met for dep_context=non-requeueable deps ti=<TaskInstance: daily_sales_aggregation.check_low_stock scheduled__2026-05-23T00:00:00+00:00 [queued]>
[2026-07-19T04:18:28.648+0000] {taskinstance.py:2076} INFO - Dependencies all met for dep_context=requeueable deps ti=<TaskInstance: daily_sales_aggregation.check_low_stock scheduled__2026-05-23T00:00:00+00:00 [queued]>
[2026-07-19T04:18:28.651+0000] {taskinstance.py:2306} INFO - Starting attempt 1 of 4
[2026-07-19T04:18:28.705+0000] {taskinstance.py:2330} INFO - Executing <Task(PythonOperator): check_low_stock> on 2026-05-23 00:00:00+00:00
[2026-07-19T04:18:28.717+0000] {standard_task_runner.py:63} INFO - Started process 767 to run task
[2026-07-19T04:18:28.726+0000] {standard_task_runner.py:90} INFO - Running: ['airflow', 'tasks', 'run', 'daily_sales_aggregation', 'check_low_stock', 'scheduled__2026-05-23T00:00:00+00:00', '--job-id', '257', '--raw', '--subdir', 'DAGS_FOLDER/daily_sales_aggregation.py', '--cfg-path', '/tmp/tmpihi2rt9k']
[2026-07-19T04:18:28.735+0000] {standard_task_runner.py:91} INFO - Job 257: Subtask check_low_stock
[2026-07-19T04:18:28.930+0000] {task_command.py:426} INFO - Running <TaskInstance: daily_sales_aggregation.check_low_stock scheduled__2026-05-23T00:00:00+00:00 [running]> on host fe12dd86f5c6
[2026-07-19T04:18:29.181+0000] {taskinstance.py:2648} INFO - Exporting env vars: AIRFLOW_CTX_DAG_OWNER='inventory-platform' AIRFLOW_CTX_DAG_ID='daily_sales_aggregation' AIRFLOW_CTX_TASK_ID='check_low_stock' AIRFLOW_CTX_EXECUTION_DATE='2026-05-23T00:00:00+00:00' AIRFLOW_CTX_TRY_NUMBER='1' AIRFLOW_CTX_DAG_RUN_ID='scheduled__2026-05-23T00:00:00+00:00'
[2026-07-19T04:18:29.184+0000] {taskinstance.py:430} INFO - ::endgroup::
[2026-07-19T04:18:29.247+0000] {logging_mixin.py:188} INFO - LOW STOCK REPORT — 7 SKUs need attention:
[2026-07-19T04:18:29.250+0000] {logging_mixin.py:188} INFO -   [STOCKOUT] DESK-LAMP-WHT on shopify: 0 units (reorder: 10, order 40 units, lead: 10 days)
[2026-07-19T04:18:29.252+0000] {logging_mixin.py:188} INFO -   [STOCKOUT] EARBUDS-WHT on shopify: 0 units (reorder: 15, order 50 units, lead: 14 days)
[2026-07-19T04:18:29.254+0000] {logging_mixin.py:188} INFO -   [LOW] BACKPACK-BLK on shopify: 4 units (reorder: 10, order 60 units, lead: 10 days)
[2026-07-19T04:18:29.256+0000] {logging_mixin.py:188} INFO -   [LOW] BACKPACK-BLK on amazon: 8 units (reorder: 10, order 60 units, lead: 10 days)
[2026-07-19T04:18:29.258+0000] {logging_mixin.py:188} INFO -   [LOW] EARBUDS-BLK on shopify: 9 units (reorder: 15, order 50 units, lead: 14 days)
[2026-07-19T04:18:29.260+0000] {logging_mixin.py:188} INFO -   [LOW] YOGA-MAT-PUR on shopify: 14 units (reorder: 15, order 75 units, lead: 7 days)
[2026-07-19T04:18:29.263+0000] {logging_mixin.py:188} INFO -   [LOW] EARBUDS-WHT on amazon: 15 units (reorder: 15, order 50 units, lead: 14 days)
[2026-07-19T04:18:29.265+0000] {python.py:237} INFO - Done. Returned value was: None
[2026-07-19T04:18:29.268+0000] {taskinstance.py:441} INFO - ::group::Post task execution logs
[2026-07-19T04:18:29.294+0000] {taskinstance.py:1206} INFO - Marking task as SUCCESS. dag_id=daily_sales_aggregation, task_id=check_low_stock, run_id=scheduled__2026-05-23T00:00:00+00:00, execution_date=20260523T000000, start_date=20260719T041828, end_date=20260719T041829
[2026-07-19T04:18:29.347+0000] {local_task_job_runner.py:240} INFO - Task exited with return code 0
[2026-07-19T04:18:29.388+0000] {taskinstance.py:3498} INFO - 0 downstream tasks scheduled from follow-on schedule check
[2026-07-19T04:18:29.393+0000] {local_task_job_runner.py:222} INFO - ::endgroup::
