[2026-07-19T04:18:01.882+0000] {local_task_job_runner.py:120} INFO - ::group::Pre task execution logs
[2026-07-19T04:18:02.020+0000] {taskinstance.py:2076} INFO - Dependencies all met for dep_context=non-requeueable deps ti=<TaskInstance: daily_sales_aggregation.check_low_stock scheduled__2026-04-09T00:00:00+00:00 [queued]>
[2026-07-19T04:18:02.066+0000] {taskinstance.py:2076} INFO - Dependencies all met for dep_context=requeueable deps ti=<TaskInstance: daily_sales_aggregation.check_low_stock scheduled__2026-04-09T00:00:00+00:00 [queued]>
[2026-07-19T04:18:02.070+0000] {taskinstance.py:2306} INFO - Starting attempt 1 of 4
[2026-07-19T04:18:02.131+0000] {taskinstance.py:2330} INFO - Executing <Task(PythonOperator): check_low_stock> on 2026-04-09 00:00:00+00:00
[2026-07-19T04:18:02.159+0000] {standard_task_runner.py:63} INFO - Started process 590 to run task
[2026-07-19T04:18:02.173+0000] {standard_task_runner.py:90} INFO - Running: ['airflow', 'tasks', 'run', 'daily_sales_aggregation', 'check_low_stock', 'scheduled__2026-04-09T00:00:00+00:00', '--job-id', '169', '--raw', '--subdir', 'DAGS_FOLDER/daily_sales_aggregation.py', '--cfg-path', '/tmp/tmp9cx4etma']
[2026-07-19T04:18:02.183+0000] {standard_task_runner.py:91} INFO - Job 169: Subtask check_low_stock
[2026-07-19T04:18:02.483+0000] {task_command.py:426} INFO - Running <TaskInstance: daily_sales_aggregation.check_low_stock scheduled__2026-04-09T00:00:00+00:00 [running]> on host fe12dd86f5c6
[2026-07-19T04:18:02.850+0000] {taskinstance.py:2648} INFO - Exporting env vars: AIRFLOW_CTX_DAG_OWNER='inventory-platform' AIRFLOW_CTX_DAG_ID='daily_sales_aggregation' AIRFLOW_CTX_TASK_ID='check_low_stock' AIRFLOW_CTX_EXECUTION_DATE='2026-04-09T00:00:00+00:00' AIRFLOW_CTX_TRY_NUMBER='1' AIRFLOW_CTX_DAG_RUN_ID='scheduled__2026-04-09T00:00:00+00:00'
[2026-07-19T04:18:02.857+0000] {taskinstance.py:430} INFO - ::endgroup::
[2026-07-19T04:18:02.967+0000] {logging_mixin.py:188} INFO - LOW STOCK REPORT — 7 SKUs need attention:
[2026-07-19T04:18:02.969+0000] {logging_mixin.py:188} INFO -   [STOCKOUT] DESK-LAMP-WHT on shopify: 0 units (reorder: 10, order 40 units, lead: 10 days)
[2026-07-19T04:18:02.972+0000] {logging_mixin.py:188} INFO -   [STOCKOUT] EARBUDS-WHT on shopify: 0 units (reorder: 15, order 50 units, lead: 14 days)
[2026-07-19T04:18:02.977+0000] {logging_mixin.py:188} INFO -   [LOW] BACKPACK-BLK on shopify: 4 units (reorder: 10, order 60 units, lead: 10 days)
[2026-07-19T04:18:02.981+0000] {logging_mixin.py:188} INFO -   [LOW] BACKPACK-BLK on amazon: 8 units (reorder: 10, order 60 units, lead: 10 days)
[2026-07-19T04:18:02.984+0000] {logging_mixin.py:188} INFO -   [LOW] EARBUDS-BLK on shopify: 9 units (reorder: 15, order 50 units, lead: 14 days)
[2026-07-19T04:18:02.989+0000] {logging_mixin.py:188} INFO -   [LOW] YOGA-MAT-PUR on shopify: 14 units (reorder: 15, order 75 units, lead: 7 days)
[2026-07-19T04:18:02.992+0000] {logging_mixin.py:188} INFO -   [LOW] EARBUDS-WHT on amazon: 15 units (reorder: 15, order 50 units, lead: 14 days)
[2026-07-19T04:18:02.995+0000] {python.py:237} INFO - Done. Returned value was: None
[2026-07-19T04:18:03.004+0000] {taskinstance.py:441} INFO - ::group::Post task execution logs
[2026-07-19T04:18:03.041+0000] {taskinstance.py:1206} INFO - Marking task as SUCCESS. dag_id=daily_sales_aggregation, task_id=check_low_stock, run_id=scheduled__2026-04-09T00:00:00+00:00, execution_date=20260409T000000, start_date=20260719T041802, end_date=20260719T041803
[2026-07-19T04:18:03.310+0000] {local_task_job_runner.py:240} INFO - Task exited with return code 0
[2026-07-19T04:18:03.418+0000] {taskinstance.py:3498} INFO - 0 downstream tasks scheduled from follow-on schedule check
[2026-07-19T04:18:03.434+0000] {local_task_job_runner.py:222} INFO - ::endgroup::
