[2026-07-19T04:17:49.908+0000] {local_task_job_runner.py:120} INFO - ::group::Pre task execution logs
[2026-07-19T04:17:49.973+0000] {taskinstance.py:2076} INFO - Dependencies all met for dep_context=non-requeueable deps ti=<TaskInstance: daily_sales_aggregation.check_low_stock scheduled__2026-03-28T00:00:00+00:00 [queued]>
[2026-07-19T04:17:49.991+0000] {taskinstance.py:2076} INFO - Dependencies all met for dep_context=requeueable deps ti=<TaskInstance: daily_sales_aggregation.check_low_stock scheduled__2026-03-28T00:00:00+00:00 [queued]>
[2026-07-19T04:17:49.993+0000] {taskinstance.py:2306} INFO - Starting attempt 1 of 4
[2026-07-19T04:17:50.025+0000] {taskinstance.py:2330} INFO - Executing <Task(PythonOperator): check_low_stock> on 2026-03-28 00:00:00+00:00
[2026-07-19T04:17:50.033+0000] {standard_task_runner.py:63} INFO - Started process 524 to run task
[2026-07-19T04:17:50.039+0000] {standard_task_runner.py:90} INFO - Running: ['airflow', 'tasks', 'run', 'daily_sales_aggregation', 'check_low_stock', 'scheduled__2026-03-28T00:00:00+00:00', '--job-id', '141', '--raw', '--subdir', 'DAGS_FOLDER/daily_sales_aggregation.py', '--cfg-path', '/tmp/tmpudx88ogs']
[2026-07-19T04:17:50.046+0000] {standard_task_runner.py:91} INFO - Job 141: Subtask check_low_stock
[2026-07-19T04:17:50.172+0000] {task_command.py:426} INFO - Running <TaskInstance: daily_sales_aggregation.check_low_stock scheduled__2026-03-28T00:00:00+00:00 [running]> on host fe12dd86f5c6
[2026-07-19T04:17:50.345+0000] {taskinstance.py:2648} INFO - Exporting env vars: AIRFLOW_CTX_DAG_OWNER='inventory-platform' AIRFLOW_CTX_DAG_ID='daily_sales_aggregation' AIRFLOW_CTX_TASK_ID='check_low_stock' AIRFLOW_CTX_EXECUTION_DATE='2026-03-28T00:00:00+00:00' AIRFLOW_CTX_TRY_NUMBER='1' AIRFLOW_CTX_DAG_RUN_ID='scheduled__2026-03-28T00:00:00+00:00'
[2026-07-19T04:17:50.348+0000] {taskinstance.py:430} INFO - ::endgroup::
[2026-07-19T04:17:50.390+0000] {logging_mixin.py:188} INFO - LOW STOCK REPORT — 7 SKUs need attention:
[2026-07-19T04:17:50.392+0000] {logging_mixin.py:188} INFO -   [STOCKOUT] DESK-LAMP-WHT on shopify: 0 units (reorder: 10, order 40 units, lead: 10 days)
[2026-07-19T04:17:50.394+0000] {logging_mixin.py:188} INFO -   [STOCKOUT] EARBUDS-WHT on shopify: 0 units (reorder: 15, order 50 units, lead: 14 days)
[2026-07-19T04:17:50.395+0000] {logging_mixin.py:188} INFO -   [LOW] BACKPACK-BLK on shopify: 4 units (reorder: 10, order 60 units, lead: 10 days)
[2026-07-19T04:17:50.397+0000] {logging_mixin.py:188} INFO -   [LOW] BACKPACK-BLK on amazon: 8 units (reorder: 10, order 60 units, lead: 10 days)
[2026-07-19T04:17:50.398+0000] {logging_mixin.py:188} INFO -   [LOW] EARBUDS-BLK on shopify: 9 units (reorder: 15, order 50 units, lead: 14 days)
[2026-07-19T04:17:50.400+0000] {logging_mixin.py:188} INFO -   [LOW] YOGA-MAT-PUR on shopify: 14 units (reorder: 15, order 75 units, lead: 7 days)
[2026-07-19T04:17:50.402+0000] {logging_mixin.py:188} INFO -   [LOW] EARBUDS-WHT on amazon: 15 units (reorder: 15, order 50 units, lead: 14 days)
[2026-07-19T04:17:50.404+0000] {python.py:237} INFO - Done. Returned value was: None
[2026-07-19T04:17:50.406+0000] {taskinstance.py:441} INFO - ::group::Post task execution logs
[2026-07-19T04:17:50.427+0000] {taskinstance.py:1206} INFO - Marking task as SUCCESS. dag_id=daily_sales_aggregation, task_id=check_low_stock, run_id=scheduled__2026-03-28T00:00:00+00:00, execution_date=20260328T000000, start_date=20260719T041749, end_date=20260719T041750
[2026-07-19T04:17:50.460+0000] {local_task_job_runner.py:240} INFO - Task exited with return code 0
[2026-07-19T04:17:50.494+0000] {taskinstance.py:3498} INFO - 0 downstream tasks scheduled from follow-on schedule check
[2026-07-19T04:17:50.498+0000] {local_task_job_runner.py:222} INFO - ::endgroup::
