[2026-07-19T04:17:45.276+0000] {local_task_job_runner.py:120} INFO - ::group::Pre task execution logs
[2026-07-19T04:17:45.314+0000] {taskinstance.py:2076} INFO - Dependencies all met for dep_context=non-requeueable deps ti=<TaskInstance: daily_sales_aggregation.aggregate_daily_sales scheduled__2026-03-19T00:00:00+00:00 [queued]>
[2026-07-19T04:17:45.329+0000] {taskinstance.py:2076} INFO - Dependencies all met for dep_context=requeueable deps ti=<TaskInstance: daily_sales_aggregation.aggregate_daily_sales scheduled__2026-03-19T00:00:00+00:00 [queued]>
[2026-07-19T04:17:45.330+0000] {taskinstance.py:2306} INFO - Starting attempt 1 of 4
[2026-07-19T04:17:45.353+0000] {taskinstance.py:2330} INFO - Executing <Task(PythonOperator): aggregate_daily_sales> on 2026-03-19 00:00:00+00:00
[2026-07-19T04:17:45.361+0000] {standard_task_runner.py:63} INFO - Started process 481 to run task
[2026-07-19T04:17:45.366+0000] {standard_task_runner.py:90} INFO - Running: ['airflow', 'tasks', 'run', 'daily_sales_aggregation', 'aggregate_daily_sales', 'scheduled__2026-03-19T00:00:00+00:00', '--job-id', '119', '--raw', '--subdir', 'DAGS_FOLDER/daily_sales_aggregation.py', '--cfg-path', '/tmp/tmpd4pfhwzm']
[2026-07-19T04:17:45.371+0000] {standard_task_runner.py:91} INFO - Job 119: Subtask aggregate_daily_sales
[2026-07-19T04:17:45.469+0000] {task_command.py:426} INFO - Running <TaskInstance: daily_sales_aggregation.aggregate_daily_sales scheduled__2026-03-19T00:00:00+00:00 [running]> on host fe12dd86f5c6
[2026-07-19T04:17:45.742+0000] {taskinstance.py:2648} INFO - Exporting env vars: AIRFLOW_CTX_DAG_OWNER='inventory-platform' AIRFLOW_CTX_DAG_ID='daily_sales_aggregation' AIRFLOW_CTX_TASK_ID='aggregate_daily_sales' AIRFLOW_CTX_EXECUTION_DATE='2026-03-19T00:00:00+00:00' AIRFLOW_CTX_TRY_NUMBER='1' AIRFLOW_CTX_DAG_RUN_ID='scheduled__2026-03-19T00:00:00+00:00'
[2026-07-19T04:17:45.745+0000] {taskinstance.py:430} INFO - ::endgroup::
[2026-07-19T04:17:45.791+0000] {logging_mixin.py:188} WARNING - /home/airflow/.local/lib/python3.10/site-packages/airflow/utils/context.py:320 AirflowContextDeprecationWarning: Accessing 'execution_date' from the template is deprecated and will be removed in a future version. Please use 'data_interval_start' or 'logical_date' instead.
[2026-07-19T04:17:45.792+0000] {logging_mixin.py:188} INFO - Aggregating sales for: 2026-03-19
[2026-07-19T04:17:45.814+0000] {logging_mixin.py:188} INFO -   Found 10 product-channel combinations for 2026-03-19
[2026-07-19T04:17:45.831+0000] {logging_mixin.py:188} INFO -   Upserted 10 rows into analytics.fact_daily_sales
[2026-07-19T04:17:45.835+0000] {python.py:237} INFO - Done. Returned value was: None
[2026-07-19T04:17:45.837+0000] {taskinstance.py:441} INFO - ::group::Post task execution logs
[2026-07-19T04:17:45.860+0000] {taskinstance.py:1206} INFO - Marking task as SUCCESS. dag_id=daily_sales_aggregation, task_id=aggregate_daily_sales, run_id=scheduled__2026-03-19T00:00:00+00:00, execution_date=20260319T000000, start_date=20260719T041745, end_date=20260719T041745
[2026-07-19T04:17:45.908+0000] {local_task_job_runner.py:240} INFO - Task exited with return code 0
[2026-07-19T04:17:45.936+0000] {local_task_job_runner.py:222} INFO - ::endgroup::
