[2026-07-19T04:18:00.693+0000] {local_task_job_runner.py:120} INFO - ::group::Pre task execution logs
[2026-07-19T04:18:00.736+0000] {taskinstance.py:2076} INFO - Dependencies all met for dep_context=non-requeueable deps ti=<TaskInstance: daily_sales_aggregation.aggregate_daily_sales scheduled__2026-04-11T00:00:00+00:00 [queued]>
[2026-07-19T04:18:00.750+0000] {taskinstance.py:2076} INFO - Dependencies all met for dep_context=requeueable deps ti=<TaskInstance: daily_sales_aggregation.aggregate_daily_sales scheduled__2026-04-11T00:00:00+00:00 [queued]>
[2026-07-19T04:18:00.752+0000] {taskinstance.py:2306} INFO - Starting attempt 1 of 4
[2026-07-19T04:18:00.794+0000] {taskinstance.py:2330} INFO - Executing <Task(PythonOperator): aggregate_daily_sales> on 2026-04-11 00:00:00+00:00
[2026-07-19T04:18:00.800+0000] {standard_task_runner.py:63} INFO - Started process 575 to run task
[2026-07-19T04:18:00.806+0000] {standard_task_runner.py:90} INFO - Running: ['airflow', 'tasks', 'run', 'daily_sales_aggregation', 'aggregate_daily_sales', 'scheduled__2026-04-11T00:00:00+00:00', '--job-id', '164', '--raw', '--subdir', 'DAGS_FOLDER/daily_sales_aggregation.py', '--cfg-path', '/tmp/tmpxj5etofc']
[2026-07-19T04:18:00.810+0000] {standard_task_runner.py:91} INFO - Job 164: Subtask aggregate_daily_sales
[2026-07-19T04:18:00.912+0000] {task_command.py:426} INFO - Running <TaskInstance: daily_sales_aggregation.aggregate_daily_sales scheduled__2026-04-11T00:00:00+00:00 [running]> on host fe12dd86f5c6
[2026-07-19T04:18:01.073+0000] {taskinstance.py:2648} INFO - Exporting env vars: AIRFLOW_CTX_DAG_OWNER='inventory-platform' AIRFLOW_CTX_DAG_ID='daily_sales_aggregation' AIRFLOW_CTX_TASK_ID='aggregate_daily_sales' AIRFLOW_CTX_EXECUTION_DATE='2026-04-11T00:00:00+00:00' AIRFLOW_CTX_TRY_NUMBER='1' AIRFLOW_CTX_DAG_RUN_ID='scheduled__2026-04-11T00:00:00+00:00'
[2026-07-19T04:18:01.078+0000] {taskinstance.py:430} INFO - ::endgroup::
[2026-07-19T04:18:01.121+0000] {logging_mixin.py:188} WARNING - /home/airflow/.local/lib/python3.10/site-packages/airflow/utils/context.py:320 AirflowContextDeprecationWarning: Accessing 'execution_date' from the template is deprecated and will be removed in a future version. Please use 'data_interval_start' or 'logical_date' instead.
[2026-07-19T04:18:01.123+0000] {logging_mixin.py:188} INFO - Aggregating sales for: 2026-04-11
[2026-07-19T04:18:01.150+0000] {logging_mixin.py:188} INFO -   Found 12 product-channel combinations for 2026-04-11
[2026-07-19T04:18:01.172+0000] {logging_mixin.py:188} INFO -   Upserted 12 rows into analytics.fact_daily_sales
[2026-07-19T04:18:01.179+0000] {python.py:237} INFO - Done. Returned value was: None
[2026-07-19T04:18:01.182+0000] {taskinstance.py:441} INFO - ::group::Post task execution logs
[2026-07-19T04:18:01.214+0000] {taskinstance.py:1206} INFO - Marking task as SUCCESS. dag_id=daily_sales_aggregation, task_id=aggregate_daily_sales, run_id=scheduled__2026-04-11T00:00:00+00:00, execution_date=20260411T000000, start_date=20260719T041800, end_date=20260719T041801
[2026-07-19T04:18:01.264+0000] {local_task_job_runner.py:240} INFO - Task exited with return code 0
[2026-07-19T04:18:01.304+0000] {local_task_job_runner.py:222} INFO - ::endgroup::
