[2026-07-19T04:17:30.654+0000] {local_task_job_runner.py:120} INFO - ::group::Pre task execution logs
[2026-07-19T04:17:30.691+0000] {taskinstance.py:2076} INFO - Dependencies all met for dep_context=non-requeueable deps ti=<TaskInstance: daily_sales_aggregation.check_low_stock scheduled__2026-02-17T00:00:00+00:00 [queued]>
[2026-07-19T04:17:30.704+0000] {taskinstance.py:2076} INFO - Dependencies all met for dep_context=requeueable deps ti=<TaskInstance: daily_sales_aggregation.check_low_stock scheduled__2026-02-17T00:00:00+00:00 [queued]>
[2026-07-19T04:17:30.705+0000] {taskinstance.py:2306} INFO - Starting attempt 1 of 4
[2026-07-19T04:17:30.724+0000] {taskinstance.py:2330} INFO - Executing <Task(PythonOperator): check_low_stock> on 2026-02-17 00:00:00+00:00
[2026-07-19T04:17:30.730+0000] {standard_task_runner.py:63} INFO - Started process 364 to run task
[2026-07-19T04:17:30.736+0000] {standard_task_runner.py:90} INFO - Running: ['airflow', 'tasks', 'run', 'daily_sales_aggregation', 'check_low_stock', 'scheduled__2026-02-17T00:00:00+00:00', '--job-id', '61', '--raw', '--subdir', 'DAGS_FOLDER/daily_sales_aggregation.py', '--cfg-path', '/tmp/tmpmsy21pfu']
[2026-07-19T04:17:30.740+0000] {standard_task_runner.py:91} INFO - Job 61: Subtask check_low_stock
[2026-07-19T04:17:30.824+0000] {task_command.py:426} INFO - Running <TaskInstance: daily_sales_aggregation.check_low_stock scheduled__2026-02-17T00:00:00+00:00 [running]> on host fe12dd86f5c6
[2026-07-19T04:17:30.938+0000] {taskinstance.py:2648} INFO - Exporting env vars: AIRFLOW_CTX_DAG_OWNER='inventory-platform' AIRFLOW_CTX_DAG_ID='daily_sales_aggregation' AIRFLOW_CTX_TASK_ID='check_low_stock' AIRFLOW_CTX_EXECUTION_DATE='2026-02-17T00:00:00+00:00' AIRFLOW_CTX_TRY_NUMBER='1' AIRFLOW_CTX_DAG_RUN_ID='scheduled__2026-02-17T00:00:00+00:00'
[2026-07-19T04:17:30.940+0000] {taskinstance.py:430} INFO - ::endgroup::
[2026-07-19T04:17:30.970+0000] {logging_mixin.py:188} INFO - LOW STOCK REPORT — 7 SKUs need attention:
[2026-07-19T04:17:30.971+0000] {logging_mixin.py:188} INFO -   [STOCKOUT] DESK-LAMP-WHT on shopify: 0 units (reorder: 10, order 40 units, lead: 10 days)
[2026-07-19T04:17:30.972+0000] {logging_mixin.py:188} INFO -   [STOCKOUT] EARBUDS-WHT on shopify: 0 units (reorder: 15, order 50 units, lead: 14 days)
[2026-07-19T04:17:30.973+0000] {logging_mixin.py:188} INFO -   [LOW] BACKPACK-BLK on shopify: 4 units (reorder: 10, order 60 units, lead: 10 days)
[2026-07-19T04:17:30.974+0000] {logging_mixin.py:188} INFO -   [LOW] BACKPACK-BLK on amazon: 8 units (reorder: 10, order 60 units, lead: 10 days)
[2026-07-19T04:17:30.975+0000] {logging_mixin.py:188} INFO -   [LOW] EARBUDS-BLK on shopify: 9 units (reorder: 15, order 50 units, lead: 14 days)
[2026-07-19T04:17:30.976+0000] {logging_mixin.py:188} INFO -   [LOW] YOGA-MAT-PUR on shopify: 14 units (reorder: 15, order 75 units, lead: 7 days)
[2026-07-19T04:17:30.977+0000] {logging_mixin.py:188} INFO -   [LOW] EARBUDS-WHT on amazon: 15 units (reorder: 15, order 50 units, lead: 14 days)
[2026-07-19T04:17:30.979+0000] {python.py:237} INFO - Done. Returned value was: None
[2026-07-19T04:17:30.980+0000] {taskinstance.py:441} INFO - ::group::Post task execution logs
[2026-07-19T04:17:30.992+0000] {taskinstance.py:1206} INFO - Marking task as SUCCESS. dag_id=daily_sales_aggregation, task_id=check_low_stock, run_id=scheduled__2026-02-17T00:00:00+00:00, execution_date=20260217T000000, start_date=20260719T041730, end_date=20260719T041730
[2026-07-19T04:17:31.029+0000] {local_task_job_runner.py:240} INFO - Task exited with return code 0
[2026-07-19T04:17:31.048+0000] {taskinstance.py:3498} INFO - 0 downstream tasks scheduled from follow-on schedule check
[2026-07-19T04:17:31.052+0000] {local_task_job_runner.py:222} INFO - ::endgroup::
