[2026-07-19T04:18:05.649+0000] {local_task_job_runner.py:120} INFO - ::group::Pre task execution logs
[2026-07-19T04:18:05.746+0000] {taskinstance.py:2076} INFO - Dependencies all met for dep_context=non-requeueable deps ti=<TaskInstance: daily_sales_aggregation.check_low_stock scheduled__2026-04-18T00:00:00+00:00 [queued]>
[2026-07-19T04:18:05.771+0000] {taskinstance.py:2076} INFO - Dependencies all met for dep_context=requeueable deps ti=<TaskInstance: daily_sales_aggregation.check_low_stock scheduled__2026-04-18T00:00:00+00:00 [queued]>
[2026-07-19T04:18:05.775+0000] {taskinstance.py:2306} INFO - Starting attempt 1 of 4
[2026-07-19T04:18:05.816+0000] {taskinstance.py:2330} INFO - Executing <Task(PythonOperator): check_low_stock> on 2026-04-18 00:00:00+00:00
[2026-07-19T04:18:05.827+0000] {standard_task_runner.py:63} INFO - Started process 616 to run task
[2026-07-19T04:18:05.837+0000] {standard_task_runner.py:90} INFO - Running: ['airflow', 'tasks', 'run', 'daily_sales_aggregation', 'check_low_stock', 'scheduled__2026-04-18T00:00:00+00:00', '--job-id', '185', '--raw', '--subdir', 'DAGS_FOLDER/daily_sales_aggregation.py', '--cfg-path', '/tmp/tmprz0249rc']
[2026-07-19T04:18:05.845+0000] {standard_task_runner.py:91} INFO - Job 185: Subtask check_low_stock
[2026-07-19T04:18:06.027+0000] {task_command.py:426} INFO - Running <TaskInstance: daily_sales_aggregation.check_low_stock scheduled__2026-04-18T00:00:00+00:00 [running]> on host fe12dd86f5c6
[2026-07-19T04:18:06.243+0000] {taskinstance.py:2648} INFO - Exporting env vars: AIRFLOW_CTX_DAG_OWNER='inventory-platform' AIRFLOW_CTX_DAG_ID='daily_sales_aggregation' AIRFLOW_CTX_TASK_ID='check_low_stock' AIRFLOW_CTX_EXECUTION_DATE='2026-04-18T00:00:00+00:00' AIRFLOW_CTX_TRY_NUMBER='1' AIRFLOW_CTX_DAG_RUN_ID='scheduled__2026-04-18T00:00:00+00:00'
[2026-07-19T04:18:06.247+0000] {taskinstance.py:430} INFO - ::endgroup::
[2026-07-19T04:18:06.300+0000] {logging_mixin.py:188} INFO - LOW STOCK REPORT — 7 SKUs need attention:
[2026-07-19T04:18:06.302+0000] {logging_mixin.py:188} INFO -   [STOCKOUT] DESK-LAMP-WHT on shopify: 0 units (reorder: 10, order 40 units, lead: 10 days)
[2026-07-19T04:18:06.304+0000] {logging_mixin.py:188} INFO -   [STOCKOUT] EARBUDS-WHT on shopify: 0 units (reorder: 15, order 50 units, lead: 14 days)
[2026-07-19T04:18:06.306+0000] {logging_mixin.py:188} INFO -   [LOW] BACKPACK-BLK on shopify: 4 units (reorder: 10, order 60 units, lead: 10 days)
[2026-07-19T04:18:06.308+0000] {logging_mixin.py:188} INFO -   [LOW] BACKPACK-BLK on amazon: 8 units (reorder: 10, order 60 units, lead: 10 days)
[2026-07-19T04:18:06.310+0000] {logging_mixin.py:188} INFO -   [LOW] EARBUDS-BLK on shopify: 9 units (reorder: 15, order 50 units, lead: 14 days)
[2026-07-19T04:18:06.312+0000] {logging_mixin.py:188} INFO -   [LOW] YOGA-MAT-PUR on shopify: 14 units (reorder: 15, order 75 units, lead: 7 days)
[2026-07-19T04:18:06.314+0000] {logging_mixin.py:188} INFO -   [LOW] EARBUDS-WHT on amazon: 15 units (reorder: 15, order 50 units, lead: 14 days)
[2026-07-19T04:18:06.317+0000] {python.py:237} INFO - Done. Returned value was: None
[2026-07-19T04:18:06.320+0000] {taskinstance.py:441} INFO - ::group::Post task execution logs
[2026-07-19T04:18:06.340+0000] {taskinstance.py:1206} INFO - Marking task as SUCCESS. dag_id=daily_sales_aggregation, task_id=check_low_stock, run_id=scheduled__2026-04-18T00:00:00+00:00, execution_date=20260418T000000, start_date=20260719T041805, end_date=20260719T041806
[2026-07-19T04:18:06.378+0000] {local_task_job_runner.py:240} INFO - Task exited with return code 0
[2026-07-19T04:18:06.402+0000] {local_task_job_runner.py:222} INFO - ::endgroup::
