[2026-07-19T04:18:42.577+0000] {local_task_job_runner.py:120} INFO - ::group::Pre task execution logs
[2026-07-19T04:18:42.699+0000] {taskinstance.py:2076} INFO - Dependencies all met for dep_context=non-requeueable deps ti=<TaskInstance: daily_sales_aggregation.aggregate_daily_sales scheduled__2026-06-21T00:00:00+00:00 [queued]>
[2026-07-19T04:18:42.738+0000] {taskinstance.py:2076} INFO - Dependencies all met for dep_context=requeueable deps ti=<TaskInstance: daily_sales_aggregation.aggregate_daily_sales scheduled__2026-06-21T00:00:00+00:00 [queued]>
[2026-07-19T04:18:42.741+0000] {taskinstance.py:2306} INFO - Starting attempt 1 of 4
[2026-07-19T04:18:42.793+0000] {taskinstance.py:2330} INFO - Executing <Task(PythonOperator): aggregate_daily_sales> on 2026-06-21 00:00:00+00:00
[2026-07-19T04:18:42.807+0000] {standard_task_runner.py:63} INFO - Started process 858 to run task
[2026-07-19T04:18:42.830+0000] {standard_task_runner.py:90} INFO - Running: ['airflow', 'tasks', 'run', 'daily_sales_aggregation', 'aggregate_daily_sales', 'scheduled__2026-06-21T00:00:00+00:00', '--job-id', '301', '--raw', '--subdir', 'DAGS_FOLDER/daily_sales_aggregation.py', '--cfg-path', '/tmp/tmpm4_2a6fy']
[2026-07-19T04:18:42.848+0000] {standard_task_runner.py:91} INFO - Job 301: Subtask aggregate_daily_sales
[2026-07-19T04:18:43.263+0000] {task_command.py:426} INFO - Running <TaskInstance: daily_sales_aggregation.aggregate_daily_sales scheduled__2026-06-21T00:00:00+00:00 [running]> on host fe12dd86f5c6
[2026-07-19T04:18:43.977+0000] {taskinstance.py:2648} INFO - Exporting env vars: AIRFLOW_CTX_DAG_OWNER='inventory-platform' AIRFLOW_CTX_DAG_ID='daily_sales_aggregation' AIRFLOW_CTX_TASK_ID='aggregate_daily_sales' AIRFLOW_CTX_EXECUTION_DATE='2026-06-21T00:00:00+00:00' AIRFLOW_CTX_TRY_NUMBER='1' AIRFLOW_CTX_DAG_RUN_ID='scheduled__2026-06-21T00:00:00+00:00'
[2026-07-19T04:18:43.982+0000] {taskinstance.py:430} INFO - ::endgroup::
[2026-07-19T04:18:44.058+0000] {logging_mixin.py:188} WARNING - /home/airflow/.local/lib/python3.10/site-packages/airflow/utils/context.py:320 AirflowContextDeprecationWarning: Accessing 'execution_date' from the template is deprecated and will be removed in a future version. Please use 'data_interval_start' or 'logical_date' instead.
[2026-07-19T04:18:44.061+0000] {logging_mixin.py:188} INFO - Aggregating sales for: 2026-06-21
[2026-07-19T04:18:44.131+0000] {logging_mixin.py:188} INFO -   Found 15 product-channel combinations for 2026-06-21
[2026-07-19T04:18:44.169+0000] {logging_mixin.py:188} INFO -   Upserted 15 rows into analytics.fact_daily_sales
[2026-07-19T04:18:44.176+0000] {python.py:237} INFO - Done. Returned value was: None
[2026-07-19T04:18:44.184+0000] {taskinstance.py:441} INFO - ::group::Post task execution logs
[2026-07-19T04:18:44.241+0000] {taskinstance.py:1206} INFO - Marking task as SUCCESS. dag_id=daily_sales_aggregation, task_id=aggregate_daily_sales, run_id=scheduled__2026-06-21T00:00:00+00:00, execution_date=20260621T000000, start_date=20260719T041842, end_date=20260719T041844
[2026-07-19T04:18:44.375+0000] {local_task_job_runner.py:240} INFO - Task exited with return code 0
[2026-07-19T04:18:44.471+0000] {local_task_job_runner.py:222} INFO - ::endgroup::
