[2026-07-19T04:14:48.291+0000] {processor.py:161} INFO - Started process (PID=213) to work on /opt/airflow/dags/daily_sales_aggregation.py
[2026-07-19T04:14:48.292+0000] {processor.py:830} INFO - Processing file /opt/airflow/dags/daily_sales_aggregation.py for tasks to queue
[2026-07-19T04:14:48.297+0000] {logging_mixin.py:188} INFO - [2026-07-19T04:14:48.296+0000] {dagbag.py:545} INFO - Filling up the DagBag from /opt/airflow/dags/daily_sales_aggregation.py
[2026-07-19T04:14:48.342+0000] {processor.py:840} INFO - DAG(s) 'daily_sales_aggregation' retrieved from /opt/airflow/dags/daily_sales_aggregation.py
[2026-07-19T04:14:48.440+0000] {logging_mixin.py:188} INFO - [2026-07-19T04:14:48.440+0000] {override.py:1829} INFO - Created Permission View: can read on DAG:daily_sales_aggregation
[2026-07-19T04:14:48.449+0000] {logging_mixin.py:188} INFO - [2026-07-19T04:14:48.448+0000] {override.py:1829} INFO - Created Permission View: can edit on DAG:daily_sales_aggregation
[2026-07-19T04:14:48.455+0000] {logging_mixin.py:188} INFO - [2026-07-19T04:14:48.454+0000] {override.py:1829} INFO - Created Permission View: can delete on DAG:daily_sales_aggregation
[2026-07-19T04:14:48.456+0000] {logging_mixin.py:188} INFO - [2026-07-19T04:14:48.456+0000] {dag.py:3096} INFO - Sync 1 DAGs
[2026-07-19T04:14:48.466+0000] {logging_mixin.py:188} INFO - [2026-07-19T04:14:48.465+0000] {dag.py:3118} INFO - Creating ORM DAG for daily_sales_aggregation
[2026-07-19T04:14:48.477+0000] {logging_mixin.py:188} INFO - [2026-07-19T04:14:48.477+0000] {dag.py:3954} INFO - Setting next_dagrun for daily_sales_aggregation to 2026-01-19 00:00:00+00:00, run_after=2026-01-20 00:00:00+00:00
[2026-07-19T04:14:48.515+0000] {processor.py:183} INFO - Processing /opt/airflow/dags/daily_sales_aggregation.py took 0.230 seconds
[2026-07-19T04:15:18.605+0000] {processor.py:161} INFO - Started process (PID=218) to work on /opt/airflow/dags/daily_sales_aggregation.py
[2026-07-19T04:15:18.607+0000] {processor.py:830} INFO - Processing file /opt/airflow/dags/daily_sales_aggregation.py for tasks to queue
[2026-07-19T04:15:18.611+0000] {logging_mixin.py:188} INFO - [2026-07-19T04:15:18.611+0000] {dagbag.py:545} INFO - Filling up the DagBag from /opt/airflow/dags/daily_sales_aggregation.py
[2026-07-19T04:15:18.645+0000] {processor.py:840} INFO - DAG(s) 'daily_sales_aggregation' retrieved from /opt/airflow/dags/daily_sales_aggregation.py
[2026-07-19T04:15:18.672+0000] {logging_mixin.py:188} INFO - [2026-07-19T04:15:18.672+0000] {dag.py:3096} INFO - Sync 1 DAGs
[2026-07-19T04:15:18.691+0000] {logging_mixin.py:188} INFO - [2026-07-19T04:15:18.691+0000] {dag.py:3954} INFO - Setting next_dagrun for daily_sales_aggregation to 2026-01-19 00:00:00+00:00, run_after=2026-01-20 00:00:00+00:00
[2026-07-19T04:15:18.710+0000] {processor.py:183} INFO - Processing /opt/airflow/dags/daily_sales_aggregation.py took 0.114 seconds
[2026-07-19T04:15:48.905+0000] {processor.py:161} INFO - Started process (PID=223) to work on /opt/airflow/dags/daily_sales_aggregation.py
[2026-07-19T04:15:48.908+0000] {processor.py:830} INFO - Processing file /opt/airflow/dags/daily_sales_aggregation.py for tasks to queue
[2026-07-19T04:15:48.912+0000] {logging_mixin.py:188} INFO - [2026-07-19T04:15:48.911+0000] {dagbag.py:545} INFO - Filling up the DagBag from /opt/airflow/dags/daily_sales_aggregation.py
[2026-07-19T04:15:48.950+0000] {processor.py:840} INFO - DAG(s) 'daily_sales_aggregation' retrieved from /opt/airflow/dags/daily_sales_aggregation.py
[2026-07-19T04:15:48.977+0000] {logging_mixin.py:188} INFO - [2026-07-19T04:15:48.977+0000] {dag.py:3096} INFO - Sync 1 DAGs
[2026-07-19T04:15:48.994+0000] {logging_mixin.py:188} INFO - [2026-07-19T04:15:48.993+0000] {dag.py:3954} INFO - Setting next_dagrun for daily_sales_aggregation to 2026-01-19 00:00:00+00:00, run_after=2026-01-20 00:00:00+00:00
[2026-07-19T04:15:49.013+0000] {processor.py:183} INFO - Processing /opt/airflow/dags/daily_sales_aggregation.py took 0.121 seconds
[2026-07-19T04:16:19.273+0000] {processor.py:161} INFO - Started process (PID=228) to work on /opt/airflow/dags/daily_sales_aggregation.py
[2026-07-19T04:16:19.276+0000] {processor.py:830} INFO - Processing file /opt/airflow/dags/daily_sales_aggregation.py for tasks to queue
[2026-07-19T04:16:19.278+0000] {logging_mixin.py:188} INFO - [2026-07-19T04:16:19.278+0000] {dagbag.py:545} INFO - Filling up the DagBag from /opt/airflow/dags/daily_sales_aggregation.py
[2026-07-19T04:16:19.301+0000] {processor.py:840} INFO - DAG(s) 'daily_sales_aggregation' retrieved from /opt/airflow/dags/daily_sales_aggregation.py
[2026-07-19T04:16:19.327+0000] {logging_mixin.py:188} INFO - [2026-07-19T04:16:19.327+0000] {dag.py:3096} INFO - Sync 1 DAGs
[2026-07-19T04:16:19.345+0000] {logging_mixin.py:188} INFO - [2026-07-19T04:16:19.345+0000] {dag.py:3954} INFO - Setting next_dagrun for daily_sales_aggregation to 2026-01-19 00:00:00+00:00, run_after=2026-01-20 00:00:00+00:00
[2026-07-19T04:16:19.363+0000] {processor.py:183} INFO - Processing /opt/airflow/dags/daily_sales_aggregation.py took 0.096 seconds
[2026-07-19T04:16:49.563+0000] {processor.py:161} INFO - Started process (PID=233) to work on /opt/airflow/dags/daily_sales_aggregation.py
[2026-07-19T04:16:49.564+0000] {processor.py:830} INFO - Processing file /opt/airflow/dags/daily_sales_aggregation.py for tasks to queue
[2026-07-19T04:16:49.567+0000] {logging_mixin.py:188} INFO - [2026-07-19T04:16:49.567+0000] {dagbag.py:545} INFO - Filling up the DagBag from /opt/airflow/dags/daily_sales_aggregation.py
[2026-07-19T04:16:49.591+0000] {processor.py:840} INFO - DAG(s) 'daily_sales_aggregation' retrieved from /opt/airflow/dags/daily_sales_aggregation.py
[2026-07-19T04:16:49.621+0000] {logging_mixin.py:188} INFO - [2026-07-19T04:16:49.621+0000] {dag.py:3096} INFO - Sync 1 DAGs
[2026-07-19T04:16:49.642+0000] {logging_mixin.py:188} INFO - [2026-07-19T04:16:49.642+0000] {dag.py:3954} INFO - Setting next_dagrun for daily_sales_aggregation to 2026-01-19 00:00:00+00:00, run_after=2026-01-20 00:00:00+00:00
[2026-07-19T04:16:49.660+0000] {processor.py:183} INFO - Processing /opt/airflow/dags/daily_sales_aggregation.py took 0.103 seconds
[2026-07-19T04:17:19.951+0000] {processor.py:161} INFO - Started process (PID=242) to work on /opt/airflow/dags/daily_sales_aggregation.py
[2026-07-19T04:17:19.953+0000] {processor.py:830} INFO - Processing file /opt/airflow/dags/daily_sales_aggregation.py for tasks to queue
[2026-07-19T04:17:19.957+0000] {logging_mixin.py:188} INFO - [2026-07-19T04:17:19.956+0000] {dagbag.py:545} INFO - Filling up the DagBag from /opt/airflow/dags/daily_sales_aggregation.py
[2026-07-19T04:17:20.002+0000] {processor.py:840} INFO - DAG(s) 'daily_sales_aggregation' retrieved from /opt/airflow/dags/daily_sales_aggregation.py
[2026-07-19T04:17:20.056+0000] {logging_mixin.py:188} INFO - [2026-07-19T04:17:20.056+0000] {dag.py:3096} INFO - Sync 1 DAGs
[2026-07-19T04:17:20.090+0000] {logging_mixin.py:188} INFO - [2026-07-19T04:17:20.089+0000] {dag.py:3954} INFO - Setting next_dagrun for daily_sales_aggregation to 2026-01-25 00:00:00+00:00, run_after=2026-01-26 00:00:00+00:00
[2026-07-19T04:17:20.122+0000] {processor.py:183} INFO - Processing /opt/airflow/dags/daily_sales_aggregation.py took 0.185 seconds
[2026-07-19T04:17:50.260+0000] {processor.py:161} INFO - Started process (PID=525) to work on /opt/airflow/dags/daily_sales_aggregation.py
[2026-07-19T04:17:50.264+0000] {processor.py:830} INFO - Processing file /opt/airflow/dags/daily_sales_aggregation.py for tasks to queue
[2026-07-19T04:17:50.270+0000] {logging_mixin.py:188} INFO - [2026-07-19T04:17:50.269+0000] {dagbag.py:545} INFO - Filling up the DagBag from /opt/airflow/dags/daily_sales_aggregation.py
[2026-07-19T04:17:50.319+0000] {processor.py:840} INFO - DAG(s) 'daily_sales_aggregation' retrieved from /opt/airflow/dags/daily_sales_aggregation.py
[2026-07-19T04:17:50.376+0000] {logging_mixin.py:188} INFO - [2026-07-19T04:17:50.376+0000] {dag.py:3096} INFO - Sync 1 DAGs
[2026-07-19T04:17:50.419+0000] {logging_mixin.py:188} INFO - [2026-07-19T04:17:50.419+0000] {dag.py:3954} INFO - Setting next_dagrun for daily_sales_aggregation to 2026-03-31 00:00:00+00:00, run_after=2026-04-01 00:00:00+00:00
[2026-07-19T04:17:50.462+0000] {processor.py:183} INFO - Processing /opt/airflow/dags/daily_sales_aggregation.py took 0.217 seconds
[2026-07-19T04:18:20.915+0000] {processor.py:161} INFO - Started process (PID=714) to work on /opt/airflow/dags/daily_sales_aggregation.py
[2026-07-19T04:18:20.927+0000] {processor.py:830} INFO - Processing file /opt/airflow/dags/daily_sales_aggregation.py for tasks to queue
[2026-07-19T04:18:20.952+0000] {logging_mixin.py:188} INFO - [2026-07-19T04:18:20.950+0000] {dagbag.py:545} INFO - Filling up the DagBag from /opt/airflow/dags/daily_sales_aggregation.py
[2026-07-19T04:18:21.130+0000] {processor.py:840} INFO - DAG(s) 'daily_sales_aggregation' retrieved from /opt/airflow/dags/daily_sales_aggregation.py
[2026-07-19T04:18:21.268+0000] {logging_mixin.py:188} INFO - [2026-07-19T04:18:21.267+0000] {dag.py:3096} INFO - Sync 1 DAGs
[2026-07-19T04:18:21.372+0000] {logging_mixin.py:188} INFO - [2026-07-19T04:18:21.371+0000] {dag.py:3954} INFO - Setting next_dagrun for daily_sales_aggregation to 2026-05-21 00:00:00+00:00, run_after=2026-05-22 00:00:00+00:00
[2026-07-19T04:18:21.450+0000] {processor.py:183} INFO - Processing /opt/airflow/dags/daily_sales_aggregation.py took 0.573 seconds
[2026-07-19T04:18:52.006+0000] {processor.py:161} INFO - Started process (PID=914) to work on /opt/airflow/dags/daily_sales_aggregation.py
[2026-07-19T04:18:52.014+0000] {processor.py:830} INFO - Processing file /opt/airflow/dags/daily_sales_aggregation.py for tasks to queue
[2026-07-19T04:18:52.024+0000] {logging_mixin.py:188} INFO - [2026-07-19T04:18:52.023+0000] {dagbag.py:545} INFO - Filling up the DagBag from /opt/airflow/dags/daily_sales_aggregation.py
[2026-07-19T04:18:52.118+0000] {processor.py:840} INFO - DAG(s) 'daily_sales_aggregation' retrieved from /opt/airflow/dags/daily_sales_aggregation.py
[2026-07-19T04:18:52.244+0000] {logging_mixin.py:188} INFO - [2026-07-19T04:18:52.243+0000] {dag.py:3096} INFO - Sync 1 DAGs
[2026-07-19T04:18:52.378+0000] {logging_mixin.py:188} INFO - [2026-07-19T04:18:52.378+0000] {dag.py:3954} INFO - Setting next_dagrun for daily_sales_aggregation to 2026-07-09 00:00:00+00:00, run_after=2026-07-10 00:00:00+00:00
[2026-07-19T04:18:52.453+0000] {processor.py:183} INFO - Processing /opt/airflow/dags/daily_sales_aggregation.py took 0.488 seconds
[2026-07-19T04:19:22.631+0000] {processor.py:161} INFO - Started process (PID=982) to work on /opt/airflow/dags/daily_sales_aggregation.py
[2026-07-19T04:19:22.633+0000] {processor.py:830} INFO - Processing file /opt/airflow/dags/daily_sales_aggregation.py for tasks to queue
[2026-07-19T04:19:22.636+0000] {logging_mixin.py:188} INFO - [2026-07-19T04:19:22.636+0000] {dagbag.py:545} INFO - Filling up the DagBag from /opt/airflow/dags/daily_sales_aggregation.py
[2026-07-19T04:19:22.671+0000] {processor.py:840} INFO - DAG(s) 'daily_sales_aggregation' retrieved from /opt/airflow/dags/daily_sales_aggregation.py
[2026-07-19T04:19:22.705+0000] {logging_mixin.py:188} INFO - [2026-07-19T04:19:22.705+0000] {dag.py:3096} INFO - Sync 1 DAGs
[2026-07-19T04:19:22.726+0000] {logging_mixin.py:188} INFO - [2026-07-19T04:19:22.725+0000] {dag.py:3954} INFO - Setting next_dagrun for daily_sales_aggregation to 2026-07-19 00:00:00+00:00, run_after=2026-07-20 00:00:00+00:00
[2026-07-19T04:19:22.750+0000] {processor.py:183} INFO - Processing /opt/airflow/dags/daily_sales_aggregation.py took 0.131 seconds
[2026-07-19T04:19:53.006+0000] {processor.py:161} INFO - Started process (PID=987) to work on /opt/airflow/dags/daily_sales_aggregation.py
[2026-07-19T04:19:53.008+0000] {processor.py:830} INFO - Processing file /opt/airflow/dags/daily_sales_aggregation.py for tasks to queue
[2026-07-19T04:19:53.011+0000] {logging_mixin.py:188} INFO - [2026-07-19T04:19:53.010+0000] {dagbag.py:545} INFO - Filling up the DagBag from /opt/airflow/dags/daily_sales_aggregation.py
[2026-07-19T04:19:53.033+0000] {processor.py:840} INFO - DAG(s) 'daily_sales_aggregation' retrieved from /opt/airflow/dags/daily_sales_aggregation.py
[2026-07-19T04:19:53.061+0000] {logging_mixin.py:188} INFO - [2026-07-19T04:19:53.061+0000] {dag.py:3096} INFO - Sync 1 DAGs
[2026-07-19T04:19:53.081+0000] {logging_mixin.py:188} INFO - [2026-07-19T04:19:53.080+0000] {dag.py:3954} INFO - Setting next_dagrun for daily_sales_aggregation to 2026-07-19 00:00:00+00:00, run_after=2026-07-20 00:00:00+00:00
[2026-07-19T04:19:53.101+0000] {processor.py:183} INFO - Processing /opt/airflow/dags/daily_sales_aggregation.py took 0.101 seconds
[2026-07-19T04:20:23.357+0000] {processor.py:161} INFO - Started process (PID=992) to work on /opt/airflow/dags/daily_sales_aggregation.py
[2026-07-19T04:20:23.361+0000] {processor.py:830} INFO - Processing file /opt/airflow/dags/daily_sales_aggregation.py for tasks to queue
[2026-07-19T04:20:23.368+0000] {logging_mixin.py:188} INFO - [2026-07-19T04:20:23.367+0000] {dagbag.py:545} INFO - Filling up the DagBag from /opt/airflow/dags/daily_sales_aggregation.py
[2026-07-19T04:20:23.399+0000] {processor.py:840} INFO - DAG(s) 'daily_sales_aggregation' retrieved from /opt/airflow/dags/daily_sales_aggregation.py
[2026-07-19T04:20:23.428+0000] {logging_mixin.py:188} INFO - [2026-07-19T04:20:23.428+0000] {dag.py:3096} INFO - Sync 1 DAGs
[2026-07-19T04:20:23.448+0000] {logging_mixin.py:188} INFO - [2026-07-19T04:20:23.448+0000] {dag.py:3954} INFO - Setting next_dagrun for daily_sales_aggregation to 2026-07-19 00:00:00+00:00, run_after=2026-07-20 00:00:00+00:00
[2026-07-19T04:20:23.466+0000] {processor.py:183} INFO - Processing /opt/airflow/dags/daily_sales_aggregation.py took 0.122 seconds
[2026-07-19T04:20:53.701+0000] {processor.py:161} INFO - Started process (PID=997) to work on /opt/airflow/dags/daily_sales_aggregation.py
[2026-07-19T04:20:53.704+0000] {processor.py:830} INFO - Processing file /opt/airflow/dags/daily_sales_aggregation.py for tasks to queue
[2026-07-19T04:20:53.712+0000] {logging_mixin.py:188} INFO - [2026-07-19T04:20:53.711+0000] {dagbag.py:545} INFO - Filling up the DagBag from /opt/airflow/dags/daily_sales_aggregation.py
[2026-07-19T04:20:53.744+0000] {processor.py:840} INFO - DAG(s) 'daily_sales_aggregation' retrieved from /opt/airflow/dags/daily_sales_aggregation.py
[2026-07-19T04:20:53.768+0000] {logging_mixin.py:188} INFO - [2026-07-19T04:20:53.767+0000] {dag.py:3096} INFO - Sync 1 DAGs
[2026-07-19T04:20:53.787+0000] {logging_mixin.py:188} INFO - [2026-07-19T04:20:53.787+0000] {dag.py:3954} INFO - Setting next_dagrun for daily_sales_aggregation to 2026-07-19 00:00:00+00:00, run_after=2026-07-20 00:00:00+00:00
[2026-07-19T04:20:53.806+0000] {processor.py:183} INFO - Processing /opt/airflow/dags/daily_sales_aggregation.py took 0.117 seconds
[2026-07-19T04:21:24.085+0000] {processor.py:161} INFO - Started process (PID=1002) to work on /opt/airflow/dags/daily_sales_aggregation.py
[2026-07-19T04:21:24.087+0000] {processor.py:830} INFO - Processing file /opt/airflow/dags/daily_sales_aggregation.py for tasks to queue
[2026-07-19T04:21:24.090+0000] {logging_mixin.py:188} INFO - [2026-07-19T04:21:24.089+0000] {dagbag.py:545} INFO - Filling up the DagBag from /opt/airflow/dags/daily_sales_aggregation.py
[2026-07-19T04:21:24.122+0000] {processor.py:840} INFO - DAG(s) 'daily_sales_aggregation' retrieved from /opt/airflow/dags/daily_sales_aggregation.py
[2026-07-19T04:21:24.153+0000] {logging_mixin.py:188} INFO - [2026-07-19T04:21:24.153+0000] {dag.py:3096} INFO - Sync 1 DAGs
[2026-07-19T04:21:24.180+0000] {logging_mixin.py:188} INFO - [2026-07-19T04:21:24.180+0000] {dag.py:3954} INFO - Setting next_dagrun for daily_sales_aggregation to 2026-07-19 00:00:00+00:00, run_after=2026-07-20 00:00:00+00:00
[2026-07-19T04:21:24.203+0000] {processor.py:183} INFO - Processing /opt/airflow/dags/daily_sales_aggregation.py took 0.132 seconds
[2026-07-19T04:21:54.432+0000] {processor.py:161} INFO - Started process (PID=1007) to work on /opt/airflow/dags/daily_sales_aggregation.py
[2026-07-19T04:21:54.434+0000] {processor.py:830} INFO - Processing file /opt/airflow/dags/daily_sales_aggregation.py for tasks to queue
[2026-07-19T04:21:54.437+0000] {logging_mixin.py:188} INFO - [2026-07-19T04:21:54.437+0000] {dagbag.py:545} INFO - Filling up the DagBag from /opt/airflow/dags/daily_sales_aggregation.py
[2026-07-19T04:21:54.463+0000] {processor.py:840} INFO - DAG(s) 'daily_sales_aggregation' retrieved from /opt/airflow/dags/daily_sales_aggregation.py
[2026-07-19T04:21:54.492+0000] {logging_mixin.py:188} INFO - [2026-07-19T04:21:54.492+0000] {dag.py:3096} INFO - Sync 1 DAGs
[2026-07-19T04:21:54.512+0000] {logging_mixin.py:188} INFO - [2026-07-19T04:21:54.511+0000] {dag.py:3954} INFO - Setting next_dagrun for daily_sales_aggregation to 2026-07-19 00:00:00+00:00, run_after=2026-07-20 00:00:00+00:00
[2026-07-19T04:21:54.531+0000] {processor.py:183} INFO - Processing /opt/airflow/dags/daily_sales_aggregation.py took 0.107 seconds
[2026-07-19T04:22:24.787+0000] {processor.py:161} INFO - Started process (PID=1012) to work on /opt/airflow/dags/daily_sales_aggregation.py
[2026-07-19T04:22:24.789+0000] {processor.py:830} INFO - Processing file /opt/airflow/dags/daily_sales_aggregation.py for tasks to queue
[2026-07-19T04:22:24.793+0000] {logging_mixin.py:188} INFO - [2026-07-19T04:22:24.792+0000] {dagbag.py:545} INFO - Filling up the DagBag from /opt/airflow/dags/daily_sales_aggregation.py
[2026-07-19T04:22:24.819+0000] {processor.py:840} INFO - DAG(s) 'daily_sales_aggregation' retrieved from /opt/airflow/dags/daily_sales_aggregation.py
[2026-07-19T04:22:24.847+0000] {logging_mixin.py:188} INFO - [2026-07-19T04:22:24.847+0000] {dag.py:3096} INFO - Sync 1 DAGs
[2026-07-19T04:22:24.867+0000] {logging_mixin.py:188} INFO - [2026-07-19T04:22:24.867+0000] {dag.py:3954} INFO - Setting next_dagrun for daily_sales_aggregation to 2026-07-19 00:00:00+00:00, run_after=2026-07-20 00:00:00+00:00
[2026-07-19T04:22:24.886+0000] {processor.py:183} INFO - Processing /opt/airflow/dags/daily_sales_aggregation.py took 0.107 seconds
[2026-07-19T04:22:55.130+0000] {processor.py:161} INFO - Started process (PID=1017) to work on /opt/airflow/dags/daily_sales_aggregation.py
[2026-07-19T04:22:55.133+0000] {processor.py:830} INFO - Processing file /opt/airflow/dags/daily_sales_aggregation.py for tasks to queue
[2026-07-19T04:22:55.137+0000] {logging_mixin.py:188} INFO - [2026-07-19T04:22:55.137+0000] {dagbag.py:545} INFO - Filling up the DagBag from /opt/airflow/dags/daily_sales_aggregation.py
[2026-07-19T04:22:55.167+0000] {processor.py:840} INFO - DAG(s) 'daily_sales_aggregation' retrieved from /opt/airflow/dags/daily_sales_aggregation.py
[2026-07-19T04:22:55.197+0000] {logging_mixin.py:188} INFO - [2026-07-19T04:22:55.196+0000] {dag.py:3096} INFO - Sync 1 DAGs
[2026-07-19T04:22:55.218+0000] {logging_mixin.py:188} INFO - [2026-07-19T04:22:55.217+0000] {dag.py:3954} INFO - Setting next_dagrun for daily_sales_aggregation to 2026-07-19 00:00:00+00:00, run_after=2026-07-20 00:00:00+00:00
[2026-07-19T04:22:55.240+0000] {processor.py:183} INFO - Processing /opt/airflow/dags/daily_sales_aggregation.py took 0.120 seconds
